E:\REACT\tipper-app

code .
npm start
node server.js

E:\>node --version
v20.10.0

E:\>npm --version
10.2.

npm install -g create-react-app

E:\>
=========================
npx create-react-app tipper-app
cd tipper-app
npm start
=========================

          <img src="logo.png" style={{ height: '100px', width: '150px' }} alt="Logo" className="logo" />


npm i styled-components
npm i react-router-dom react-icons

npm install react-router-dom
npm install react-datepicker
npm install react-toastify
npm install moment-timezone
npm install jspdf
npm install jspdf-autotable


https://www.freemysqlhosting.net/register/?
EXPIRED
narresh.gudimetlaa@gmail.com
Narresh12578

neetaa.gudimetla@gmail.com
Narresh12578

aqurainfotech2019@gmail.com
Narresh12578

Server: 	sql6.freemysqlhosting.net
Name: 		sql6680957
Username: 	sql6680957
Password: 	HxUhtZhyfp
Port number:3306

vehicleNumber string
driverName string
mobileNumber number
dieselConsumed number
startTime 
endTime 
==========================
drop table TipperData;
CREATE TABLE TipperData (
    id INT AUTO_INCREMENT PRIMARY KEY,
    vehicleNumber VARCHAR(255),
    driverName VARCHAR(255),
    mobileNumber BIGINT,
    dieselConsumed DECIMAL(10, 2),
    startTime DATETIME,
    endTime DATETIME,
	hoursSpent VARCHAR(255) DEFAULT NULL
);

==========================
npm install express mysql
npm install cors
npm install moment-timezone
npm install react-modal

==========================

TO RUN THE MIDDLE TIER SERVER:
==============================
PS E:\REACT\tipper-app> node server.js
Server is running on port 3001
Connected to the database


TO RUN THE APPLICATION SERVER:
=============================
E:\REACT\tipper-app>npm start
npm start
Compiled successfully!

You can now view tipper-app in the browser.

  Local:            http://localhost:3000
  On Your Network:  http://192.168.1.10:3000

Note that the development build is not optimized.
To create a production build, use npm run build.

webpack compiled successfully
http://localhost:3000/
			


It seems like you've mentioned a Firebase Hosting URL (https://angg14app.web.app), which typically hosts the static files of a frontend application. However, your server.js file appears to be a Node.js server script that handles server-side logic. To run a Node.js server, you need a server environment, which Firebase Hosting doesn't provide.



https://www.freecodecamp.org/news/how-to-create-an-animated-hamburger-menu-in-react/
https://www.freecodecamp.org/news/how-to-create-an-animated-hamburger-menu-in-react/
https://github.com/Yazdun/react-burger-menu/tree/main
https://github.com/Yazdun/react-burger-menu/blob/main/src/routes.ts



GST RELATED:
===========
https://www.gst.gov.in/
GST Amount = (Original Price * GST Rate) / 100
Total Amount = Original Price + GST Amount
// GST Calculation Function
function calculateGST(originalPrice, gstRate) {
    // Calculate GST Amount
    const gstAmount = (originalPrice * gstRate) / 100;

    // Calculate Total Amount (inclusive of GST)
    const totalAmount = originalPrice + gstAmount;

    // Return an object with both amounts
    return {
        originalPrice,
        gstAmount,
        totalAmount,
    };
}

// Example Usage
const originalPrice = 1000; // Replace with your actual price
const gstRate = 18; // Replace with your applicable GST rate

const result = calculateGST(originalPrice, gstRate);

console.log("Original Price: Rs.", result.originalPrice);
console.log("GST Amount: Rs.", result.gstAmount);
console.log("Total Amount (inclusive of GST): Rs.", result.totalAmount);



EXCEL SHEETS:
============
https://docs.google.com/spreadsheets/d/1bwPquwrsm2Zsu5SYEkHMNOwFQQv-lqv2Vy3szdfpQPU/edit#gid=0

PRODUCTION BUILD OR REACT APP:
=============================
Build your React app:
Ensure your React app is ready for deployment. Run the following command to create a production build:
npm run build


DEPLOY FOR PRODUCTION INTO GODADDY OR FIREBASE HOSTING:
=======================================================
npm install -g firebase-tools
firebase login
firebase init
firebase deploy




// Instead of using localhost, use the URL of your deployed server
fetch('https://your-firebase-app-id.firebaseapp.com/getTipperData')
fetch('http://localhost:3001/getTipperData') // Update the URL accordingly

rambo


fetch(`${apiConfig.localOrRemote}/getTipperData`)

STEPS TO DEPLOY TO FIREBASE HOSTING:
===================================
E:\REACT\tipper-app\build>npm run build
npm run build

cd build
firebase init 
a public folder will be created inside the build folder
copy the content of build,except public folder.... into build/public folder 

firebase deploy

NOT REQUIRED - USING MYSQL
GLITCH SERVER SIDE:
===================
https://glitch.com/edit/#!/snapdragon-stingy-iridium
https://glitch.com/dashboard?group=owned&sortColumn=boost&sortDirection=DESC&page=1&showAll=false&filterDomain=
venkatdada369@gmail.com
Uzwall12578*

===============
https://glitch.com/
venkatdada369@gmail.com
Uzwall12578*

https://glitch.com/edit/#!/snapdragon-stingy-iridium
READ DATA:
---------
https://snapdragon-stingy-iridium.glitch.me/api/crud



XXXXXXXXXXXXXXXXXXXXXXXXXXXXXXXXXXXXXXXX
E:\REACT\tipper-app>npm run build
cd build
firebase init [	CREATES public FOLDER ]
copy content of build into public folder available in build/public
firebase deploy
----------------------------------------

E:\REACT\tipper-app>npm run build

> tipper-app@0.1.0 build
> react-scripts build

Creating an optimized production build...
One of your dependencies, babel-preset-react-app, is importing the
"@babel/plugin-proposal-private-property-in-object" package without
declaring it in its dependencies. This is currently working because
"@babel/plugin-proposal-private-property-in-object" is already in your
node_modules folder for unrelated reasons, but it may break at any time.

babel-preset-react-app is part of the create-react-app project, which
is not maintianed anymore. It is thus unlikely that this bug will
ever be fixed. Add "@babel/plugin-proposal-private-property-in-object" to
your devDependencies to work around this error. This will make this message
go away.

Compiled with warnings.

[eslint]
src\components\About.js
  Line 21:25:  Duplicate key 'fontSize'   no-dupe-keys
  Line 22:25:  Duplicate key 'textAlign'  no-dupe-keys

src\components\TipperEdit.js
  Line 172:13:  'valid' is assigned a value but never used  no-unused-vars

src\components\nav-desktop.js
  Line 2:10:  'Link' is defined but never used  no-unused-vars

src\routes.js
  Line 2:10:  'FiSearch' is defined but never used            no-unused-vars
  Line 4:10:  'IoPricetagsOutline' is defined but never used  no-unused-vars
  Line 6:10:  'AiOutlineEdit' is defined but never used       no-unused-vars

Search for the keywords to learn more about each warning.
To ignore, add // eslint-disable-next-line to the line before.

File sizes after gzip:

  295.75 kB (+10 B)  build\static\js\main.48dcc358.js
  46.38 kB           build\static\js\498.efa63090.chunk.js
  42.28 kB           build\static\js\198.eb994d24.chunk.js
  8.64 kB            build\static\css\main.710e110a.css
  8.57 kB            build\static\js\703.b587482d.chunk.js
  1.77 kB            build\static\js\787.3ab9f033.chunk.js

The project was built assuming it is hosted at /.
You can control this with the homepage field in your package.json.

The build folder is ready to be deployed.
You may serve it with a static server:

  npm install -g serve
  serve -s build

Find out more about deployment here:

  https://cra.link/deployment


E:\REACT\tipper-app>cd build

E:\REACT\tipper-app\build>firebase init

     ######## #### ########  ######## ########     ###     ######  ########
     ##        ##  ##     ## ##       ##     ##  ##   ##  ##       ##
     ######    ##  ########  ######   ########  #########  ######  ######
     ##        ##  ##    ##  ##       ##     ## ##     ##       ## ##
     ##       #### ##     ## ######## ########  ##     ##  ######  ########

You're about to initialize a Firebase project in this directory:

  E:\REACT\tipper-app\build

? Are you ready to proceed? Yes
? Which Firebase features do you want to set up for this directory? Press Space to select features, then Enter to
confirm your choices. Hosting: Configure files for Firebase Hosting and (optionally) set up GitHub Action deploys

=== Project Setup

First, let's associate this project directory with a Firebase project.
You can create multiple project aliases by running firebase use --add,
but for now we'll just set up a default project.

? Please select an option: Use an existing project
? Select a default Firebase project for this directory: angg14app (angg14app)
i  Using project angg14app (angg14app)

=== Hosting Setup

Your public directory is the folder (relative to your project directory) that
will contain Hosting assets to be uploaded with firebase deploy. If you
have a build process for your assets, use your build's output directory.

? What do you want to use as your public directory? public
? Configure as a single-page app (rewrite all urls to /index.html)? No
? Set up automatic builds and deploys with GitHub? No
+  Wrote public/404.html
+  Wrote public/index.html

i  Writing configuration info to firebase.json...
i  Writing project information to .firebaserc...
i  Writing gitignore file to .gitignore...

+  Firebase initialization complete!

E:\REACT\tipper-app\build>firebase deploy

=== Deploying to 'angg14app'...

i  deploying hosting
i  hosting[angg14app]: beginning deploy...
i  hosting[angg14app]: found 25 files in public
+  hosting[angg14app]: file upload complete
i  hosting[angg14app]: finalizing version...
+  hosting[angg14app]: version finalized
i  hosting[angg14app]: releasing new version...
+  hosting[angg14app]: release complete

+  Deploy complete!

Project Console: https://console.firebase.google.com/project/angg14app/overview
Hosting URL: https://angg14app.web.app

E:\REACT\tipper-app\build>
XXXXXXXXXXXXXXXXXXXXXXXXXXXXXXXXXXXXXXXX








https://glitch.com/edit/#!/flowery-pinnate-knight?path=server.js%3A10%3A26

https://flowery-pinnate-knight.glitch.me/getTipperData
[{"id":1,"vehicleNumber":"AP 31 JK 1234","driverName":"RANG RAO","mobileNumber":9985236547,"dieselConsumed":300.5,"startTime":"2024-01-31T13:36:00.000Z","endTime":"2024-01-31T18:24:00.000Z","hoursSpent":"4 hours, 48 minutes, "},{"id":2,"vehicleNumber":"AP 31 AU 0428","driverName":"NARRESH","mobileNumber":9949570732,"dieselConsumed":200.5,"startTime":"2024-01-31T07:30:00.000Z","endTime":"2024-01-31T18:40:00.000Z","hoursSpent":"11 hours, 10 minutes, "},{"id":3,"vehicleNumber":"AP 31 JK 1234","driverName":"KUMAR","mobileNumber":9963258741,"dieselConsumed":25.25,"startTime":"2024-02-15T09:58:00.000Z","endTime":"2024-02-16T09:21:00.000Z","hoursSpent":"23 hours, 23 minutes, "},{"id":5,"vehicleNumber":"AP 31 JK 1234","driverName":"RAJA","mobileNumber":9988888888,"dieselConsumed":200.25,"startTime":"2024-02-01T06:00:00.000Z","endTime":"2024-02-01T13:06:00.000Z","hoursSpent":"7 hours, 6 minutes, "},{"id":8,"vehicleNumber":"test","driverName":"testerrrxx","mobileNumber":9963258741,"dieselConsumed":250,"startTime":"2024-02-01T16:04:00.000Z","endTime":"2024-02-01T16:05:00.000Z","hoursSpent":"1 minutes, "},{"id":9,"vehicleNumber":"AP 31 QQ 5555","driverName":"KARAN","mobileNumber":9912345678,"dieselConsumed":300.25,"startTime":"2024-02-01T05:30:00.000Z","endTime":"2024-02-01T16:25:00.000Z","hoursSpent":"10 hours, 54 minutes, 59 seconds"}]


























=========================================

E:\REACT>npx create-react-app tipper-app

Creating a new React app in E:\REACT\tipper-app.

Installing packages. This might take a couple of minutes.
Installing react, react-dom, and react-scripts with cra-template...


added 1483 packages in 2m

250 packages are looking for funding
  run `npm fund` for details

Initialized a git repository.

Installing template dependencies using npm...

added 61 packages in 10s

254 packages are looking for funding
  run `npm fund` for details
Removing template package using npm...


removed 1 package, and audited 1544 packages in 4s

254 packages are looking for funding
  run `npm fund` for details

8 vulnerabilities (2 moderate, 6 high)

To address all issues (including breaking changes), run:
  npm audit fix --force

Run `npm audit` for details.

Created git commit.

Success! Created tipper-app at E:\REACT\tipper-app
Inside that directory, you can run several commands:

  npm start
    Starts the development server.

  npm run build
    Bundles the app into static files for production.

  npm test
    Starts the test runner.

  npm run eject
    Removes this tool and copies build dependencies, configuration files
    and scripts into the app directory. If you do this, you canâ€™t go back!

We suggest that you begin by typing:

  cd tipper-app
  npm start

Happy hacking!

E:\REACT>
=========================================
=========================================
=========================================
=========================================
=========================================
=========================================
=========================================
=========================================



























=========================================

E:\>npm install -g create-react-app
npm WARN deprecated tar@2.2.2: This version of tar is no longer supported, and will not receive security updates. Please upgrade asap.

added 67 packages in 5s
=========================================
PS E:\REACT\tipper-app> npm install react-router-dom

added 3 packages, and audited 1615 packages in 9s

264 packages are looking for funding
  run `npm fund` for details

8 vulnerabilities (2 moderate, 6 high)

To address all issues (including breaking changes), run:
  npm audit fix --force

Run `npm audit` for details.
PS E:\REACT\tipper-app> 
=========================================
PS E:\REACT\tipper-app> npm install react-datepicker

added 10 packages, and audited 1625 packages in 45s

266 packages are looking for funding
  run `npm fund` for details

8 vulnerabilities (2 moderate, 6 high)

To address all issues (including breaking changes), run:
  npm audit fix --force

Run `npm audit` for details.
PS E:\REACT\tipper-app> 
=========================================
PS E:\REACT\tipper-app> npm install react-toastify

added 1 package, and audited 1626 packages in 11s

266 packages are looking for funding
  run `npm fund` for details

8 vulnerabilities (2 moderate, 6 high)

To address all issues (including breaking changes), run:
  npm audit fix --force

Run `npm audit` for details.
PS E:\REACT\tipper-app> 
=========================================
PS E:\REACT\tipper-app> npm install express mysql

added 7 packages, and audited 1633 packages in 10s

266 packages are looking for funding
  run `npm fund` for details

8 vulnerabilities (2 moderate, 6 high)

To address all issues (including breaking changes), run:
  npm audit fix --force

Run `npm audit` for details.
PS E:\REACT\tipper-app> 
=========================================
PS E:\REACT\tipper-app> npm install cors

added 1 package, and audited 1634 packages in 7s

266 packages are looking for funding
  run `npm fund` for details

8 vulnerabilities (2 moderate, 6 high)

To address all issues (including breaking changes), run:
  npm audit fix --force

Run `npm audit` for details.
PS E:\REACT\tipper-app> 
=========================================
PS E:\REACT\tipper-app> npm install moment-timezone

added 2 packages, and audited 1636 packages in 7s

266 packages are looking for funding
  run `npm fund` for details

8 vulnerabilities (2 moderate, 6 high)

To address all issues (including breaking changes), run:
  npm audit fix --force

Run `npm audit` for details.
PS E:\REACT\tipper-app> 
=========================================
PS E:\REACT\tipper-app> npm install react-modal

added 4 packages, and audited 1640 packages in 23s

266 packages are looking for funding
  run `npm fund` for details

8 vulnerabilities (2 moderate, 6 high)

To address all issues (including breaking changes), run:
  npm audit fix --force

Run `npm audit` for details.
PS E:\REACT\tipper-app> 
=========================================
PS E:\REACT\tipper-app> npm install jspdf

added 16 packages, and audited 1656 packages in 27s

266 packages are looking for funding
  run `npm fund` for details

8 vulnerabilities (2 moderate, 6 high)

=========================================
PS E:\REACT\tipper-app> npm install jspdf-autotable

added 1 package, and audited 1657 packages in 14s

266 packages are looking for funding
  run `npm fund` for details

8 vulnerabilities (2 moderate, 6 high)

To address all issues (including breaking changes), run:
  npm audit fix --force

Run `npm audit` for details.
PS E:\REACT\tipper-app> 
=========================================

E:\REACT\tipper-app>npm install -g firebase-tools

added 639 packages in 1m

E:\REACT\tipper-app>firebase login
Already logged in as venkatdada369@gmail.com

E:\REACT\tipper-app>npm run build

> tipper-app@0.1.0 build
> react-scripts build

Creating an optimized production build...
One of your dependencies, babel-preset-react-app, is importing the
"@babel/plugin-proposal-private-property-in-object" package without
declaring it in its dependencies. This is currently working because
"@babel/plugin-proposal-private-property-in-object" is already in your
node_modules folder for unrelated reasons, but it may break at any time.

babel-preset-react-app is part of the create-react-app project, which
is not maintianed anymore. It is thus unlikely that this bug will
ever be fixed. Add "@babel/plugin-proposal-private-property-in-object" to
your devDependencies to work around this error. This will make this message
go away.

Compiled with warnings.

[eslint]
src\components\About.js
  Line 21:25:  Duplicate key 'fontSize'   no-dupe-keys
  Line 22:25:  Duplicate key 'textAlign'  no-dupe-keys

src\components\TipperEdit.js
  Line 162:13:  'valid' is assigned a value but never used  no-unused-vars

src\components\nav-desktop.js
  Line 2:10:  'Link' is defined but never used  no-unused-vars

src\routes.js
  Line 2:10:  'FiSearch' is defined but never used            no-unused-vars
  Line 4:10:  'IoPricetagsOutline' is defined but never used  no-unused-vars
  Line 6:10:  'AiOutlineEdit' is defined but never used       no-unused-vars

Search for the keywords to learn more about each warning.
To ignore, add // eslint-disable-next-line to the line before.

File sizes after gzip:

  295.61 kB  build\static\js\main.276a3913.js
  46.38 kB   build\static\js\498.efa63090.chunk.js
  42.28 kB   build\static\js\198.eb994d24.chunk.js
  8.64 kB    build\static\css\main.710e110a.css
  8.57 kB    build\static\js\703.b587482d.chunk.js
  1.77 kB    build\static\js\787.3ab9f033.chunk.js

The project was built assuming it is hosted at /.
You can control this with the homepage field in your package.json.

The build folder is ready to be deployed.
You may serve it with a static server:

  npm install -g serve
  serve -s build

Find out more about deployment here:

  https://cra.link/deployment


E:\REACT\tipper-app>
=========================================

E:\REACT\tipper-app>npm run build

> tipper-app@0.1.0 build
> react-scripts build

Creating an optimized production build...
One of your dependencies, babel-preset-react-app, is importing the
"@babel/plugin-proposal-private-property-in-object" package without
declaring it in its dependencies. This is currently working because
"@babel/plugin-proposal-private-property-in-object" is already in your
node_modules folder for unrelated reasons, but it may break at any time.

babel-preset-react-app is part of the create-react-app project, which
is not maintianed anymore. It is thus unlikely that this bug will
ever be fixed. Add "@babel/plugin-proposal-private-property-in-object" to
your devDependencies to work around this error. This will make this message
go away.

Compiled with warnings.

[eslint]
src\components\About.js
  Line 21:25:  Duplicate key 'fontSize'   no-dupe-keys
  Line 22:25:  Duplicate key 'textAlign'  no-dupe-keys

src\components\TipperEdit.js
  Line 172:13:  'valid' is assigned a value but never used  no-unused-vars

src\components\nav-desktop.js
  Line 2:10:  'Link' is defined but never used  no-unused-vars

src\routes.js
  Line 2:10:  'FiSearch' is defined but never used            no-unused-vars
  Line 4:10:  'IoPricetagsOutline' is defined but never used  no-unused-vars
  Line 6:10:  'AiOutlineEdit' is defined but never used       no-unused-vars

Search for the keywords to learn more about each warning.
To ignore, add // eslint-disable-next-line to the line before.

File sizes after gzip:

  295.73 kB (+124 B)  build\static\js\main.b95856bb.js
  46.38 kB            build\static\js\498.efa63090.chunk.js
  42.28 kB            build\static\js\198.eb994d24.chunk.js
  8.64 kB             build\static\css\main.710e110a.css
  8.57 kB             build\static\js\703.b587482d.chunk.js
  1.77 kB             build\static\js\787.3ab9f033.chunk.js

The project was built assuming it is hosted at /.
You can control this with the homepage field in your package.json.

The build folder is ready to be deployed.
You may serve it with a static server:

  npm install -g serve
  serve -s build

Find out more about deployment here:

  https://cra.link/deployment


E:\REACT\tipper-app>
=========================================
cd build

=========================================

E:\REACT\tipper-app\build>firebase init

     ######## #### ########  ######## ########     ###     ######  ########
     ##        ##  ##     ## ##       ##     ##  ##   ##  ##       ##
     ######    ##  ########  ######   ########  #########  ######  ######
     ##        ##  ##    ##  ##       ##     ## ##     ##       ## ##
     ##       #### ##     ## ######## ########  ##     ##  ######  ########

You're about to initialize a Firebase project in this directory:

  E:\REACT\tipper-app\build

? Are you ready to proceed? Yes
? Which Firebase features do you want to set up for this directory? Press Space to select features, then Enter to
confirm your choices. Hosting: Configure files for Firebase Hosting and (optionally) set up GitHub Action deploys

=== Project Setup

First, let's associate this project directory with a Firebase project.
You can create multiple project aliases by running firebase use --add,
but for now we'll just set up a default project.

? Please select an option: Use an existing project
? Select a default Firebase project for this directory: angg14app (angg14app)
i  Using project angg14app (angg14app)

=== Hosting Setup

Your public directory is the folder (relative to your project directory) that
will contain Hosting assets to be uploaded with firebase deploy. If you
have a build process for your assets, use your build's output directory.

? What do you want to use as your public directory? public
? Configure as a single-page app (rewrite all urls to /index.html)? No
? Set up automatic builds and deploys with GitHub? No
+  Wrote public/404.html
+  Wrote public/index.html

i  Writing configuration info to firebase.json...
i  Writing project information to .firebaserc...
i  Writing gitignore file to .gitignore...

+  Firebase initialization complete!

E:\REACT\tipper-app\build>firebase deploy

=== Deploying to 'angg14app'...

i  deploying hosting
i  hosting[angg14app]: beginning deploy...
i  hosting[angg14app]: found 25 files in public
+  hosting[angg14app]: file upload complete
i  hosting[angg14app]: finalizing version...
+  hosting[angg14app]: version finalized
i  hosting[angg14app]: releasing new version...
+  hosting[angg14app]: release complete

+  Deploy complete!

Project Console: https://console.firebase.google.com/project/angg14app/overview
Hosting URL: https://angg14app.web.app

E:\REACT\tipper-app\build>
=========================================
=========================================
=========================================

E:\REACT\tipper-app\build>npm run build

> tipper-app@0.1.0 build
> react-scripts build

Creating an optimized production build...
One of your dependencies, babel-preset-react-app, is importing the
"@babel/plugin-proposal-private-property-in-object" package without
declaring it in its dependencies. This is currently working because
"@babel/plugin-proposal-private-property-in-object" is already in your
node_modules folder for unrelated reasons, but it may break at any time.

babel-preset-react-app is part of the create-react-app project, which
is not maintianed anymore. It is thus unlikely that this bug will
ever be fixed. Add "@babel/plugin-proposal-private-property-in-object" to
your devDependencies to work around this error. This will make this message
go away.

Compiled with warnings.

[eslint]
src\components\About.js
  Line 21:25:  Duplicate key 'fontSize'   no-dupe-keys
  Line 22:25:  Duplicate key 'textAlign'  no-dupe-keys

src\components\TipperEdit.js
  Line 172:13:  'valid' is assigned a value but never used  no-unused-vars

src\components\nav-desktop.js
  Line 2:10:  'Link' is defined but never used  no-unused-vars

src\routes.js
  Line 2:10:  'FiSearch' is defined but never used            no-unused-vars
  Line 4:10:  'IoPricetagsOutline' is defined but never used  no-unused-vars
  Line 6:10:  'AiOutlineEdit' is defined but never used       no-unused-vars

Search for the keywords to learn more about each warning.
To ignore, add // eslint-disable-next-line to the line before.

File sizes after gzip:

  295.74 kB (+10 B)  build\static\js\main.0a564586.js
  46.38 kB           build\static\js\498.efa63090.chunk.js
  42.28 kB           build\static\js\198.eb994d24.chunk.js
  8.64 kB            build\static\css\main.710e110a.css
  8.57 kB            build\static\js\703.b587482d.chunk.js
  1.77 kB            build\static\js\787.3ab9f033.chunk.js

The project was built assuming it is hosted at /.
You can control this with the homepage field in your package.json.

The build folder is ready to be deployed.
You may serve it with a static server:

  npm install -g serve
  serve -s build

Find out more about deployment here:

  https://cra.link/deployment


E:\REACT\tipper-app\build>firebase deploy

Error: Not in a Firebase app directory (could not locate firebase.json)

E:\REACT\tipper-app\build>firebase init

     ######## #### ########  ######## ########     ###     ######  ########
     ##        ##  ##     ## ##       ##     ##  ##   ##  ##       ##
     ######    ##  ########  ######   ########  #########  ######  ######
     ##        ##  ##    ##  ##       ##     ## ##     ##       ## ##
     ##       #### ##     ## ######## ########  ##     ##  ######  ########

You're about to initialize a Firebase project in this directory:

  E:\REACT\tipper-app\build

? Are you ready to proceed? Yes
? Which Firebase features do you want to set up for this directory? Press Space to select features, then Enter to
confirm your choices. Hosting: Configure files for Firebase Hosting and (optionally) set up GitHub Action deploys

=== Project Setup

First, let's associate this project directory with a Firebase project.
You can create multiple project aliases by running firebase use --add,
but for now we'll just set up a default project.

? Please select an option: Use an existing project
? Select a default Firebase project for this directory: angg14app (angg14app)
i  Using project angg14app (angg14app)

=== Hosting Setup

Your public directory is the folder (relative to your project directory) that
will contain Hosting assets to be uploaded with firebase deploy. If you
have a build process for your assets, use your build's output directory.

? What do you want to use as your public directory? public
? Configure as a single-page app (rewrite all urls to /index.html)? No
? Set up automatic builds and deploys with GitHub? No
+  Wrote public/404.html
+  Wrote public/index.html

i  Writing configuration info to firebase.json...
i  Writing project information to .firebaserc...
i  Writing gitignore file to .gitignore...

+  Firebase initialization complete!

E:\REACT\tipper-app\build>firebase deploy

=== Deploying to 'angg14app'...

i  deploying hosting
i  hosting[angg14app]: beginning deploy...
i  hosting[angg14app]: found 25 files in public
+  hosting[angg14app]: file upload complete
i  hosting[angg14app]: finalizing version...
+  hosting[angg14app]: version finalized
i  hosting[angg14app]: releasing new version...
+  hosting[angg14app]: release complete

+  Deploy complete!

Project Console: https://console.firebase.google.com/project/angg14app/overview
Hosting URL: https://angg14app.web.app

E:\REACT\tipper-app\build>
=========================================
=========================================
ssh-keygen -t rsa -b 4096 -C "venkatdada369@gmail.com"
git remote set-url origin git@github.com:narresh369/tipperapp.git


E:\REACT\tipper-app>git init
Initialized empty Git repository in E:/REACT/tipper-app/.git/

E:\REACT\tipper-app>git add README.md
warning: in the working copy of 'README.md', LF will be replaced by CRLF the next time Git touches it

E:\REACT\tipper-app>git commit -m "first commit"
[master (root-commit) 24807bd] first commit
 1 file changed, 70 insertions(+)
 create mode 100644 README.md

E:\REACT\tipper-app>git branch -M main

E:\REACT\tipper-app>git remote add origin https://github.com/narresh369/tipperapp.git

E:\REACT\tipper-app>git push -u origin main
Enumerating objects: 3, done.
Counting objects: 100% (3/3), done.
Delta compression using up to 8 threads
Compressing objects: 100% (2/2), done.
Writing objects: 100% (3/3), 1.37 KiB | 467.00 KiB/s, done.
Total 3 (delta 0), reused 0 (delta 0), pack-reused 0
To https://github.com/narresh369/tipperapp.git
 * [new branch]      main -> main
branch 'main' set up to track 'origin/main'.

E:\REACT\tipper-app>
=========================================
=========================================

=========================================
=========================================
=========================================
=========================================
=========================================
=========================================
=========================================
=========================================
=========================================
=========================================

=========================================
=========================================
=========================================
=========================================
=========================================
=========================================
=========================================
=========================================
=========================================
=========================================